Microsoft Windows [Version 10.0.16299.192]
(c) 2017 Microsoft Corporation. All rights reserved.

C:\Users\Pleasure Cruise>cd Desktop

C:\Users\Pleasure Cruise\Desktop>javac TriangleAnalyser.java

C:\Users\Pleasure Cruise\Desktop>java TriangleAnalyser
Please enter the x and y coordinates of the 3 vertices of the triangle
in the form: x1 y1 x2 y2 x3 y3
2 3 4 5 2 5
Triangle Valid

C:\Users\Pleasure Cruise\Desktop>java TriangleAnalyser
Please enter the x and y coordinates of the 3 vertices of the triangle
in the form: x1 y1 x2 y2 x3 y3
0 2 0 3 0 4
Triangle Invalid

C:\Users\Pleasure Cruise\Desktop>java TriangleAnalyser
Please enter the x and y coordinates of the 3 vertices of the triangle
in the form: x1 y1 x2 y2 x3 y3
2 5 4 3 2 5
Triangle Invalid

C:\Users\Pleasure Cruise\Desktop>java TriangleAnalyser
Please enter the x and y coordinates of the 3 vertices of the triangle
in the form: x1 y1 x2 y2 x3 y3
2 4 3 5 4 7
Triangle Valid

C:\Users\Pleasure Cruise\Desktop>